---
source: pkg/pocket/src/retrieve.rs
expression: options
---
{
  "state": "unread",
  "sort": "oldest",
  "count": 30,
  "total": "0"
}
